---
source: diesel_cli/tests/print_schema.rs
description: "Test: print_schema_with_view"
---
// @generated automatically by Diesel CLI.

diesel::view! {
    /// VIEW
    test {
        /// The `name` column of the `test` view.
        ///
        /// Its SQL type is `Varchar`.
        ///
        /// (Automatically generated by Diesel.)
        #[max_length = 4]
        name -> Varchar,
        /// The `id` column of the `test` view.
        ///
        /// Its SQL type is `Integer`.
        ///
        /// (Automatically generated by Diesel.)
        id -> Integer,
    }
}
