---
source: diesel_cli/tests/print_schema.rs
description: "Test: print_schema_with_view"
---
// @generated automatically by Diesel CLI.

diesel::view! {
    /// Representation of the `test` view.
    ///
    /// (Automatically generated by Diesel.)
    test {
        /// The `name` column of the `test` view.
        ///
        /// Its SQL type is `Nullable<Text>`.
        ///
        /// (Automatically generated by Diesel.)
        name -> Nullable<Text>,
        /// The `id` column of the `test` view.
        ///
        /// Its SQL type is `Nullable<Int4>`.
        ///
        /// (Automatically generated by Diesel.)
        id -> Nullable<Int4>,
    }
}
